// Jest Snapshot v1, https://goo.gl/fbAQLP

exports[`RoomInfo 1`] = `
<div>
  <div>
    <div
      class="MuiInputBase-root MuiInput-root MuiInput-underline Mui-focused Mui-focused"
    >
      <div
        aria-haspopup="listbox"
        aria-labelledby="room room-select"
        class="MuiSelect-root MuiSelect-select MuiSelect-selectMenu MuiInputBase-input MuiInput-input"
        id="room-select"
        role="button"
        tabindex="0"
      >
        hoge
      </div>
      <input
        aria-hidden="true"
        class="MuiSelect-nativeInput"
        tabindex="-1"
        value="hoge"
      />
      <svg
        aria-hidden="true"
        class="MuiSvgIcon-root MuiSelect-icon"
        focusable="false"
        viewBox="0 0 24 24"
      >
        <path
          d="M7 10l5 5 5-5z"
        />
      </svg>
    </div>
    <div
      class="recharts-responsive-container"
      id="undefined"
      style="width: 90%; height: 400px;"
    >
      <div />
    </div>
  </div>
</div>
`;
