// Jest Snapshot v1, https://goo.gl/fbAQLP

exports[`RoomChart 1`] = `
<div>
  <div
    class="recharts-responsive-container"
    style="width: 90%; height: 400px;"
  >
    <div
      style="position: absolute; width: 0px; height: 0px; visibility: hidden; display: none;"
    />
  </div>
</div>
`;
